C51 COMPILER V9.60.7.0   MAIN                                                              04/01/2024 16:38:08 PAGE 1   


C51 COMPILER V9.60.7.0, COMPILATION OF MODULE MAIN
OBJECT MODULE PLACED IN .\Objects\main.obj
COMPILER INVOKED BY: C:\Keil_v5\C51\BIN\C51.EXE main.c OPTIMIZE(8,SPEED) BROWSE DEBUG OBJECTEXTEND PRINT(.\Listings\main
                    -.lst) TABS(2) OBJECT(.\Objects\main.obj)

line level    source

   1          #include <stdio.h>
   2          #include <REGX51.H>
   3          sbit led = P2^3;
   4          sbit button = P3^2;
   5          
   6          void delay_ms(unsigned int t){
   7   1        unsigned int x, y;
   8   1        for(x=0; x<t; x++){
   9   2          for(y=0; y<123; y++);
  10   2        } 
  11   1      }
  12          
  13          void main(void){
  14   1        led = 1;
  15   1        while(1){
  16   2          if(button==0){
  17   3            if(led==0) led=1;
  18   3            else led = 0;
  19   3          }
  20   2        }
  21   1      }


MODULE INFORMATION:   STATIC OVERLAYABLE
   CODE SIZE        =     48    ----
   CONSTANT SIZE    =   ----    ----
   XDATA SIZE       =   ----    ----
   PDATA SIZE       =   ----    ----
   DATA SIZE        =   ----    ----
   IDATA SIZE       =   ----    ----
   BIT SIZE         =   ----    ----
END OF MODULE INFORMATION.


C51 COMPILATION COMPLETE.  0 WARNING(S),  0 ERROR(S)
